Transcript length: 251
First 200 chars: Xin chào tất cả các bạn mình là Vinh Thị Nguyệt và hôm nay mình sẽ theo đến một cái model AI ngon nhất hôm nay mình đi tập sự đi học đấy mấy đường chúng ta có tên là anh xin lỗi các bạn cùng vào cuộc 
